{
  "annotations": {
    "title": "List milestones",
    "readOnlyHint": true
  },
  "description": "List milestones in a GitHub repository.",
  "inputSchema": {
    "properties": {
      "owner": {
        "description": "Repository owner",
        "type": "string"
      },
      "repo": {
        "description": "Repository name",
        "type": "string"
      },
      "state": {
        "description": "Filter by state: open, closed, all (default: open)",
        "type": "string"
      }
    },
    "required": [
      "owner",
      "repo"
    ],
    "type": "object"
  },
  "name": "list_milestones"
}